// Bun Snapshot v1, https://bun.sh/docs/test/snapshots

exports[`findWaterSources Pantoll Ranger Station area 1`] = `
[
  {
    "id": 2351681898,
    "lat": 37.90447,
    "lon": -122.60375,
    "type": "drinking_water",
  },
  {
    "id": 4734491647,
    "lat": 37.9035681,
    "lon": -122.6038932,
    "type": "drinking_water",
  },
  {
    "id": 8996298917,
    "lat": 37.9037514,
    "lon": -122.6035968,
    "type": "drinking_water",
  },
]
`;

exports[`findCyclingInfrastructure Sausalito near Bridgeway 1`] = `
[
  {
    "id": 2408177402,
    "lat": 37.8567128,
    "lon": -122.4799055,
    "type": "bicycle_parking",
  },
  {
    "id": 4037455556,
    "lat": 37.8578273,
    "lon": -122.4814116,
    "type": "bicycle_parking",
  },
  {
    "id": 4037463046,
    "lat": 37.8561315,
    "lon": -122.479198,
    "name": "Valet bike parking",
    "type": "bicycle_parking",
  },
  {
    "id": 9092889903,
    "lat": 37.8589986,
    "lon": -122.483408,
    "type": "bicycle_parking",
  },
  {
    "id": 10139145366,
    "lat": 37.8565298,
    "lon": -122.4796413,
    "type": "bicycle_parking",
  },
  {
    "id": 10139145367,
    "lat": 37.8559996,
    "lon": -122.4787168,
    "type": "bicycle_parking",
  },
  {
    "id": 10139145395,
    "lat": 37.8578131,
    "lon": -122.4814388,
    "type": "bicycle_parking",
  },
  {
    "id": 13124392663,
    "lat": 37.8585617,
    "lon": -122.4849762,
    "name": "Above Category",
    "type": "bicycle_shop",
  },
]
`;

exports[`querySurfaceTypes Mill Valley - Sausalito bike path 1`] = `
[
  {
    "highway": "motorway_link",
    "id": 12169928,
    "surface": "asphalt",
  },
  {
    "highway": "motorway_link",
    "id": 12172550,
    "surface": "asphalt",
  },
  {
    "highway": "motorway_link",
    "id": 12173768,
    "surface": "asphalt",
  },
  {
    "highway": "motorway_link",
    "id": 12173781,
    "surface": "asphalt",
  },
  {
    "highway": "motorway_link",
    "id": 12173811,
    "surface": "asphalt",
  },
  {
    "highway": "motorway_link",
    "id": 12173812,
    "surface": "asphalt",
  },
  {
    "highway": "secondary",
    "id": 12174356,
    "name": "Donahue Street",
    "surface": "asphalt",
  },
  {
    "highway": "residential",
    "id": 12176545,
    "name": "Testa Street",
    "surface": "asphalt",
  },
  {
    "highway": "residential",
    "id": 12177501,
    "name": "Gate 6 Road",
    "surface": "asphalt",
  },
  {
    "highway": "residential",
    "id": 12180951,
    "name": "Marin Avenue",
    "surface": "asphalt",
  },
  {
    "highway": "residential",
    "id": 12183735,
    "name": "Gate 6 1/2 Road",
    "surface": "asphalt",
  },
  {
    "highway": "residential",
    "id": 12186552,
    "name": "Olive Street",
    "surface": "asphalt",
  },
  {
    "highway": "service",
    "id": 12190303,
    "name": "South Forty Pier",
    "surface": "asphalt",
  },
  {
    "highway": "residential",
    "id": 12191503,
    "name": "Varda Landing Road",
    "surface": "gravel",
  },
  {
    "highway": "secondary",
    "id": 25823390,
    "name": "Donahue Street",
    "surface": "asphalt",
  },
  {
    "highway": "secondary",
    "id": 28414665,
    "name": "Donahue Street",
    "surface": "asphalt",
  },
  {
    "highway": "motorway_link",
    "id": 28414778,
    "surface": "asphalt",
  },
  {
    "highway": "motorway_link",
    "id": 28971051,
    "surface": "asphalt",
  },
  {
    "highway": "cycleway",
    "id": 30681848,
    "name": "Mill Valley - Sausalito Path",
    "surface": "asphalt",
  },
  {
    "highway": "residential",
    "id": 90942400,
    "name": "Lincoln Drive",
    "surface": "asphalt",
  },
  {
    "highway": "tertiary",
    "id": 90942424,
    "name": "Nevada Street",
    "surface": "asphalt",
  },
  {
    "highway": "tertiary",
    "id": 90951345,
    "name": "Rodeo Avenue",
    "surface": "asphalt",
  },
  {
    "highway": "residential",
    "id": 90958870,
    "name": "Drake Avenue",
    "surface": "asphalt",
  },
  {
    "highway": "secondary",
    "id": 111833266,
    "name": "Bridgeway",
    "surface": "asphalt",
  },
  {
    "highway": "secondary",
    "id": 111833267,
    "name": "Bridgeway",
    "surface": "asphalt",
  },
  {
    "highway": "secondary",
    "id": 111833268,
    "name": "Bridgeway",
    "surface": "asphalt",
  },
  {
    "highway": "residential",
    "id": 186406408,
    "name": "Rodeo Avenue",
    "surface": "asphalt",
  },
  {
    "highway": "footway",
    "id": 239203051,
    "name": "Orchard Fire Road",
    "surface": "ground",
  },
  {
    "highway": "footway",
    "id": 239206716,
    "name": "Oakwood Valley Trail",
    "surface": "unpaved",
  },
  {
    "highway": "service",
    "id": 365593461,
    "surface": "asphalt",
  },
  {
    "highway": "footway",
    "id": 385148761,
    "surface": "concrete",
  },
  {
    "highway": "motorway_link",
    "id": 394152292,
    "surface": "asphalt",
  },
  {
    "highway": "motorway_link",
    "id": 394152296,
    "surface": "asphalt",
  },
  {
    "highway": "motorway_link",
    "id": 394152298,
    "surface": "asphalt",
  },
  {
    "highway": "motorway_link",
    "id": 394152301,
    "surface": "asphalt",
  },
  {
    "highway": "motorway_link",
    "id": 394469511,
    "surface": "asphalt",
  },
  {
    "highway": "service",
    "id": 502813830,
    "surface": "asphalt",
  },
  {
    "highway": "service",
    "id": 502813857,
    "surface": "asphalt",
  },
  {
    "highway": "motorway",
    "id": 513522358,
    "name": "Redwood Highway",
    "surface": "asphalt",
  },
  {
    "highway": "secondary",
    "id": 521308618,
    "name": "Donahue Street",
    "surface": "asphalt",
  },
  {
    "highway": "secondary",
    "id": 521311176,
    "name": "Bridgeway",
    "surface": "asphalt",
  },
  {
    "highway": "service",
    "id": 570253799,
    "surface": "asphalt",
  },
  {
    "highway": "service",
    "id": 570253800,
    "surface": "asphalt",
  },
  {
    "highway": "service",
    "id": 570253801,
    "surface": "asphalt",
  },
  {
    "highway": "service",
    "id": 570253802,
    "surface": "asphalt",
  },
  {
    "highway": "service",
    "id": 570268232,
    "surface": "asphalt",
  },
  {
    "highway": "secondary",
    "id": 573557311,
    "name": "Bridgeway",
    "surface": "asphalt",
  },
  {
    "highway": "secondary",
    "id": 573557315,
    "name": "Bridgeway",
    "surface": "asphalt",
  },
  {
    "highway": "tertiary",
    "id": 620169775,
    "name": "Donahue Street",
    "surface": "asphalt",
  },
  {
    "highway": "tertiary",
    "id": 620169776,
    "name": "Donahue Street",
    "surface": "asphalt",
  },
  {
    "highway": "residential",
    "id": 620169777,
    "name": "Drake Avenue",
    "surface": "asphalt",
  },
  {
    "highway": "motorway",
    "id": 620247561,
    "name": "Redwood Highway",
    "surface": "asphalt",
  },
  {
    "highway": "secondary",
    "id": 620247562,
    "name": "Donahue Street",
    "surface": "asphalt",
  },
  {
    "highway": "motorway",
    "id": 620247563,
    "name": "Redwood Highway",
    "surface": "asphalt",
  },
  {
    "highway": "service",
    "id": 650434175,
    "surface": "gravel",
  },
  {
    "highway": "service",
    "id": 650434176,
    "surface": "gravel",
  },
  {
    "highway": "service",
    "id": 656014657,
    "surface": "asphalt",
  },
  {
    "highway": "secondary",
    "id": 666542436,
    "name": "Donahue Street",
    "surface": "asphalt",
  },
  {
    "highway": "secondary",
    "id": 666542437,
    "name": "Donahue Street",
    "surface": "asphalt",
  },
  {
    "highway": "secondary",
    "id": 666542438,
    "name": "Donahue Street",
    "surface": "asphalt",
  },
  {
    "highway": "secondary",
    "id": 666542439,
    "name": "Donahue Street",
    "surface": "asphalt",
  },
  {
    "highway": "secondary",
    "id": 666542440,
    "name": "Donahue Street",
    "surface": "asphalt",
  },
  {
    "highway": "path",
    "id": 707534153,
    "name": "Public Shore",
    "surface": "concrete",
  },
  {
    "highway": "path",
    "id": 707536279,
    "name": "Public Shore",
    "surface": "asphalt",
  },
  {
    "highway": "service",
    "id": 756670290,
    "surface": "asphalt",
  },
  {
    "highway": "service",
    "id": 761381433,
    "surface": "grass_paver",
  },
  {
    "highway": "residential",
    "id": 776883956,
    "name": "Drake Avenue",
    "surface": "asphalt",
  },
  {
    "highway": "motorway",
    "id": 836580749,
    "name": "Redwood Highway",
    "surface": "asphalt",
  },
  {
    "highway": "secondary",
    "id": 920719520,
    "name": "Bridgeway",
    "surface": "asphalt",
  },
  {
    "highway": "secondary",
    "id": 926760278,
    "name": "Bridgeway",
    "surface": "asphalt",
  },
  {
    "highway": "motorway_link",
    "id": 927598294,
    "surface": "asphalt",
  },
  {
    "highway": "motorway",
    "id": 928259923,
    "name": "Redwood Highway",
    "surface": "asphalt",
  },
  {
    "highway": "motorway_link",
    "id": 929559293,
    "surface": "asphalt",
  },
  {
    "highway": "motorway",
    "id": 929741975,
    "name": "Redwood Highway",
    "surface": "asphalt",
  },
  {
    "highway": "secondary",
    "id": 940965230,
    "name": "Donahue Street",
    "surface": "asphalt",
  },
  {
    "highway": "residential",
    "id": 942466501,
    "name": "Drake Avenue",
    "surface": "asphalt",
  },
  {
    "highway": "path",
    "id": 943395127,
    "surface": "gravel",
  },
  {
    "highway": "secondary",
    "id": 944089718,
    "name": "Bridgeway",
    "surface": "asphalt",
  },
  {
    "highway": "residential",
    "id": 944106824,
    "name": "Gate 6 Road",
    "surface": "asphalt",
  },
  {
    "highway": "path",
    "id": 944165911,
    "surface": "asphalt",
  },
  {
    "highway": "path",
    "id": 944165912,
    "surface": "asphalt",
  },
  {
    "highway": "path",
    "id": 944165916,
    "surface": "asphalt",
  },
  {
    "highway": "path",
    "id": 944165917,
    "surface": "asphalt",
  },
  {
    "highway": "secondary",
    "id": 944233522,
    "name": "Bridgeway",
    "surface": "asphalt",
  },
  {
    "highway": "cycleway",
    "id": 944612754,
    "name": "Mill Valley - Sausalito Path",
    "surface": "concrete",
  },
  {
    "highway": "secondary",
    "id": 944617279,
    "name": "Bridgeway",
    "surface": "asphalt",
  },
  {
    "highway": "secondary",
    "id": 944617280,
    "name": "Bridgeway",
    "surface": "asphalt",
  },
  {
    "highway": "secondary",
    "id": 945342794,
    "name": "Bridgeway",
    "surface": "asphalt",
  },
  {
    "highway": "footway",
    "id": 945342795,
    "surface": "asphalt",
  },
  {
    "highway": "secondary",
    "id": 945702011,
    "name": "Bridgeway",
    "surface": "asphalt",
  },
  {
    "highway": "secondary",
    "id": 945704325,
    "name": "Bridgeway",
    "surface": "asphalt",
  },
  {
    "highway": "path",
    "id": 953192639,
    "surface": "asphalt",
  },
  {
    "highway": "service",
    "id": 953200516,
    "surface": "sand",
  },
  {
    "highway": "path",
    "id": 953219267,
    "surface": "concrete",
  },
  {
    "highway": "path",
    "id": 953219269,
    "surface": "concrete",
  },
  {
    "highway": "path",
    "id": 953219271,
    "surface": "concrete",
  },
  {
    "highway": "track",
    "id": 964806009,
    "name": "Alta Trail",
    "surface": "dirt",
  },
  {
    "highway": "footway",
    "id": 985363946,
    "surface": "gravel",
  },
  {
    "highway": "motorway",
    "id": 985832533,
    "name": "Redwood Highway",
    "surface": "asphalt",
  },
  {
    "highway": "motorway",
    "id": 986128175,
    "name": "Redwood Highway",
    "surface": "asphalt",
  },
  {
    "highway": "cycleway",
    "id": 986569391,
    "surface": "asphalt",
  },
  {
    "highway": "path",
    "id": 989761634,
    "name": "Public Shore",
    "surface": "asphalt",
  },
  {
    "highway": "path",
    "id": 989762367,
    "name": "Public Shore",
    "surface": "concrete",
  },
  {
    "highway": "path",
    "id": 989762368,
    "name": "Public Shore",
    "surface": "asphalt",
  },
  {
    "highway": "path",
    "id": 989762369,
    "name": "Public Shore",
    "surface": "concrete",
  },
  {
    "highway": "tertiary",
    "id": 1063948282,
    "name": "Donahue Street",
    "surface": "asphalt",
  },
  {
    "highway": "motorway_link",
    "id": 1086310689,
    "surface": "asphalt",
  },
  {
    "highway": "steps",
    "id": 1175188611,
    "name": "Tomales Steps",
    "surface": "paved",
  },
  {
    "highway": "steps",
    "id": 1175188983,
    "name": "Tomales Steps",
    "surface": "paved",
  },
  {
    "highway": "footway",
    "id": 1298901064,
    "name": "Donahue Street Path",
    "surface": "concrete",
  },
  {
    "highway": "service",
    "id": 1308591953,
    "surface": "asphalt",
  },
  {
    "highway": "service",
    "id": 1309545107,
    "surface": "asphalt",
  },
  {
    "highway": "footway",
    "id": 1309545109,
    "surface": "paved",
  },
  {
    "highway": "footway",
    "id": 1309570129,
    "surface": "concrete",
  },
  {
    "highway": "footway",
    "id": 1309570130,
    "surface": "concrete",
  },
  {
    "highway": "footway",
    "id": 1309764486,
    "surface": "asphalt",
  },
  {
    "highway": "footway",
    "id": 1309764488,
    "surface": "asphalt",
  },
  {
    "highway": "footway",
    "id": 1309764497,
    "surface": "asphalt",
  },
  {
    "highway": "service",
    "id": 1309982069,
    "surface": "asphalt",
  },
  {
    "highway": "service",
    "id": 1309982078,
    "surface": "gravel",
  },
  {
    "highway": "service",
    "id": 1309982079,
    "surface": "gravel",
  },
  {
    "highway": "footway",
    "id": 1309982113,
    "surface": "gravel",
  },
  {
    "highway": "footway",
    "id": 1309982114,
    "surface": "gravel",
  },
  {
    "highway": "footway",
    "id": 1309982115,
    "surface": "gravel",
  },
  {
    "highway": "footway",
    "id": 1309982116,
    "surface": "gravel",
  },
  {
    "highway": "service",
    "id": 1309982117,
    "surface": "gravel",
  },
  {
    "highway": "footway",
    "id": 1309982119,
    "surface": "gravel",
  },
  {
    "highway": "service",
    "id": 1310829456,
    "surface": "asphalt",
  },
  {
    "highway": "footway",
    "id": 1310840579,
    "surface": "concrete",
  },
  {
    "highway": "footway",
    "id": 1310840580,
    "surface": "concrete",
  },
  {
    "highway": "footway",
    "id": 1310840582,
    "surface": "asphalt",
  },
  {
    "highway": "footway",
    "id": 1310840583,
    "surface": "asphalt",
  },
  {
    "highway": "footway",
    "id": 1310840584,
    "surface": "gravel",
  },
  {
    "highway": "footway",
    "id": 1311022857,
    "surface": "ground",
  },
  {
    "highway": "service",
    "id": 1311027750,
    "surface": "grass",
  },
  {
    "highway": "footway",
    "id": 1311029651,
    "surface": "gravel",
  },
  {
    "highway": "footway",
    "id": 1311029666,
    "surface": "wood",
  },
  {
    "highway": "secondary",
    "id": 1380309241,
    "name": "Donahue Street",
    "surface": "asphalt",
  },
  {
    "highway": "path",
    "id": 1443855418,
    "surface": "unpaved",
  },
  {
    "highway": "track",
    "id": 1443855420,
    "surface": "dirt",
  },
  {
    "highway": "service",
    "id": 1443855421,
    "surface": "grass_paver",
  },
]
`;
